AR register_file behavioral "C:/Users/Cesar/Documents/GitHub/Arquitectura-de-computadores/Nueva carpeta/Procesador2/Register_File.vhd" sub00/vhpl07 1476734495
EN adder NULL "C:/Users/Cesar/Documents/GitHub/Arquitectura-de-computadores/Nueva carpeta/Procesador2/Adder.vhd" sub00/vhpl02 1476734486
AR mux behavioral "C:/Users/Cesar/Documents/GitHub/Arquitectura-de-computadores/Nueva carpeta/Procesador2/MUX.vhd" sub00/vhpl17 1476734501
EN seu NULL "C:/Users/Cesar/Documents/GitHub/Arquitectura-de-computadores/Nueva carpeta/Procesador2/SEU.vhd" sub00/vhpl14 1476734498
AR instructionmemory behavioral "C:/Users/Cesar/Documents/GitHub/Arquitectura-de-computadores/Nueva carpeta/Procesador2/InstructionMemory.vhd" sub00/vhpl05 1476734491
AR seu behavioral "C:/Users/Cesar/Documents/GitHub/Arquitectura-de-computadores/Nueva carpeta/Procesador2/SEU.vhd" sub00/vhpl15 1476734499
AR unidad_control behavioral "C:/Users/Cesar/Documents/GitHub/Arquitectura-de-computadores/Nueva carpeta/Procesador2/Unidad_Control.vhd" sub00/vhpl09 1476734493
AR unidad_aritmetica behavioral "C:/Users/Cesar/Documents/GitHub/Arquitectura-de-computadores/Nueva carpeta/Procesador2/Unidad_Aritmetica.vhd" sub00/vhpl11 1476734497
EN register_file NULL "C:/Users/Cesar/Documents/GitHub/Arquitectura-de-computadores/Nueva carpeta/Procesador2/Register_File.vhd" sub00/vhpl06 1476734494
EN unidad_control NULL "C:/Users/Cesar/Documents/GitHub/Arquitectura-de-computadores/Nueva carpeta/Procesador2/Unidad_Control.vhd" sub00/vhpl08 1476734492
EN instructionmemory NULL "C:/Users/Cesar/Documents/GitHub/Arquitectura-de-computadores/Nueva carpeta/Procesador2/InstructionMemory.vhd" sub00/vhpl04 1476734490
EN unidad_aritmetica NULL "C:/Users/Cesar/Documents/GitHub/Arquitectura-de-computadores/Nueva carpeta/Procesador2/Unidad_Aritmetica.vhd" sub00/vhpl10 1476734496
EN procesador_sin_inmediato NULL "C:/Users/Cesar/Documents/GitHub/Arquitectura-de-computadores/Nueva carpeta/Procesador2/Procesador_Sin_Inmediato.vhd" sub00/vhpl12 1476734502
AR adder behavioral "C:/Users/Cesar/Documents/GitHub/Arquitectura-de-computadores/Nueva carpeta/Procesador2/Adder.vhd" sub00/vhpl03 1476734487
EN mux NULL "C:/Users/Cesar/Documents/GitHub/Arquitectura-de-computadores/Nueva carpeta/Procesador2/MUX.vhd" sub00/vhpl16 1476734500
AR procesador_sin_inmediato behavioral "C:/Users/Cesar/Documents/GitHub/Arquitectura-de-computadores/Nueva carpeta/Procesador2/Procesador_Sin_Inmediato.vhd" sub00/vhpl13 1476734503
AR next_program_counter behavioral "C:/Users/Cesar/Documents/GitHub/Arquitectura-de-computadores/Nueva carpeta/Procesador2/Next_Program_Counter.vhd" sub00/vhpl01 1476734489
EN next_program_counter NULL "C:/Users/Cesar/Documents/GitHub/Arquitectura-de-computadores/Nueva carpeta/Procesador2/Next_Program_Counter.vhd" sub00/vhpl00 1476734488
