AR register_file behavioral "C:/Users/Cesar/Documents/GitHub/Arquitectura-de-computadores/Nueva carpeta/Procesador3ICC/Register_File.vhd" sub00/vhpl07 1478758769
EN adder NULL "C:/Users/Cesar/Documents/GitHub/Arquitectura-de-computadores/Nueva carpeta/Procesador3ICC/Adder.vhd" sub00/vhpl02 1478758760
AR mux behavioral "C:/Users/Cesar/Documents/GitHub/Arquitectura-de-computadores/Nueva carpeta/Procesador3ICC/MUX.vhd" sub00/vhpl17 1478758775
EN psr NULL "C:/Users/Cesar/Documents/GitHub/Arquitectura-de-computadores/Nueva carpeta/Procesador4/PSR.vhd" sub00/vhpl20 1478787020
EN seu NULL "C:/Users/Cesar/Documents/GitHub/Arquitectura-de-computadores/Nueva carpeta/Procesador3ICC/SEU.vhd" sub00/vhpl14 1478758772
AR winman behavioral "C:/Users/Cesar/Documents/GitHub/Arquitectura-de-computadores/Nueva carpeta/Procesador4/WinMan.vhd" sub00/vhpl23 1478802183
AR instructionmemory behavioral "C:/Users/Cesar/Documents/GitHub/Arquitectura-de-computadores/Nueva carpeta/Procesador3ICC/InstructionMemory.vhd" sub00/vhpl05 1478758765
EN winman NULL "C:/Users/Cesar/Documents/GitHub/Arquitectura-de-computadores/Nueva carpeta/Procesador4/WinMan.vhd" sub00/vhpl22 1478802182
AR seu behavioral "C:/Users/Cesar/Documents/GitHub/Arquitectura-de-computadores/Nueva carpeta/Procesador3ICC/SEU.vhd" sub00/vhpl15 1478758773
EN psrmodifier NULL "C:/Users/Cesar/Documents/GitHub/Arquitectura-de-computadores/Nueva carpeta/Procesador3ICC/PSRModifier.vhd" sub00/vhpl18 1478758776
AR unidad_control behavioral "C:/Users/Cesar/Documents/GitHub/Arquitectura-de-computadores/Nueva carpeta/Procesador4/Unidad_Control.vhd" sub00/vhpl09 1478812063
AR unidad_aritmetica behavioral "C:/Users/Cesar/Documents/GitHub/Arquitectura-de-computadores/Nueva carpeta/Procesador4/Unidad_Aritmetica.vhd" sub00/vhpl11 1478787136
AR psrmodifier behavioral "C:/Users/Cesar/Documents/GitHub/Arquitectura-de-computadores/Nueva carpeta/Procesador3ICC/PSRModifier.vhd" sub00/vhpl19 1478758777
EN register_file NULL "C:/Users/Cesar/Documents/GitHub/Arquitectura-de-computadores/Nueva carpeta/Procesador3ICC/Register_File.vhd" sub00/vhpl06 1478758768
AR psr behavioral "C:/Users/Cesar/Documents/GitHub/Arquitectura-de-computadores/Nueva carpeta/Procesador3ICC/PSR.vhd" sub00/vhpl21 1478758779
EN unidad_control NULL "C:/Users/Cesar/Documents/GitHub/Arquitectura-de-computadores/Nueva carpeta/Procesador4/Unidad_Control.vhd" sub00/vhpl08 1478812062
EN instructionmemory NULL "C:/Users/Cesar/Documents/GitHub/Arquitectura-de-computadores/Nueva carpeta/Procesador3ICC/InstructionMemory.vhd" sub00/vhpl04 1478758764
EN unidad_aritmetica NULL "C:/Users/Cesar/Documents/GitHub/Arquitectura-de-computadores/Nueva carpeta/Procesador4/Unidad_Aritmetica.vhd" sub00/vhpl10 1478787135
EN procesador_sin_inmediato NULL "C:/Users/Cesar/Documents/GitHub/Arquitectura-de-computadores/Nueva carpeta/Procesador3ICC/Procesador_Sin_Inmediato.vhd" sub00/vhpl12 1478758780
AR adder behavioral "C:/Users/Cesar/Documents/GitHub/Arquitectura-de-computadores/Nueva carpeta/Procesador3ICC/Adder.vhd" sub00/vhpl03 1478758761
EN mux NULL "C:/Users/Cesar/Documents/GitHub/Arquitectura-de-computadores/Nueva carpeta/Procesador3ICC/MUX.vhd" sub00/vhpl16 1478758774
AR procesador_sin_inmediato behavioral "C:/Users/Cesar/Documents/GitHub/Arquitectura-de-computadores/Nueva carpeta/Procesador3ICC/Procesador_Sin_Inmediato.vhd" sub00/vhpl13 1478758781
AR next_program_counter behavioral "C:/Users/Cesar/Documents/GitHub/Arquitectura-de-computadores/Nueva carpeta/Procesador3ICC/Next_Program_Counter.vhd" sub00/vhpl01 1478758763
EN next_program_counter NULL "C:/Users/Cesar/Documents/GitHub/Arquitectura-de-computadores/Nueva carpeta/Procesador3ICC/Next_Program_Counter.vhd" sub00/vhpl00 1478758762
