V3 31
FL "C:/Users/Cesar/Documents/GitHub/Arquitectura-de-computadores/Nueva carpeta/ce/Adder.vhd" 2016/10/12.13:29:44 P.20131013
EN work/Adder 1476742092 \
      FL "C:/Users/Cesar/Documents/GitHub/Arquitectura-de-computadores/Nueva carpeta/ce/Adder.vhd" \
      PB ieee/std_logic_1164 1381692176 PB ieee/STD_LOGIC_UNSIGNED 1381692179
AR work/Adder/Behavioral 1476742093 \
      FL "C:/Users/Cesar/Documents/GitHub/Arquitectura-de-computadores/Nueva carpeta/ce/Adder.vhd" \
      EN work/Adder 1476742092
FL "C:/Users/Cesar/Documents/GitHub/Arquitectura-de-computadores/Nueva carpeta/ce/InstructionMemory.vhd" 2016/10/17.14:26:15 P.20131013
EN work/InstructionMemory 1476742096 \
      FL "C:/Users/Cesar/Documents/GitHub/Arquitectura-de-computadores/Nueva carpeta/ce/InstructionMemory.vhd" \
      PB ieee/std_logic_1164 1381692176 PB ieee/STD_LOGIC_UNSIGNED 1381692179 \
      PB std/TEXTIO 1381692176
AR work/InstructionMemory/Behavioral 1476742097 \
      FL "C:/Users/Cesar/Documents/GitHub/Arquitectura-de-computadores/Nueva carpeta/ce/InstructionMemory.vhd" \
      EN work/InstructionMemory 1476742096
FL "C:/Users/Cesar/Documents/GitHub/Arquitectura-de-computadores/Nueva carpeta/ce/Next_Program_Counter.vhd" 2016/10/07.11:34:51 P.20131013
EN work/Next_Program_Counter 1476742094 \
      FL "C:/Users/Cesar/Documents/GitHub/Arquitectura-de-computadores/Nueva carpeta/ce/Next_Program_Counter.vhd" \
      PB ieee/std_logic_1164 1381692176
AR work/Next_Program_Counter/Behavioral 1476742095 \
      FL "C:/Users/Cesar/Documents/GitHub/Arquitectura-de-computadores/Nueva carpeta/ce/Next_Program_Counter.vhd" \
      EN work/Next_Program_Counter 1476742094
FL "C:/Users/Cesar/Documents/GitHub/Arquitectura-de-computadores/Nueva carpeta/ce/Procesador_Sin_Inmediato.vhd" 2016/10/17.14:03:39 P.20131013
EN work/Procesador_Sin_Inmediato 1476742104 \
      FL "C:/Users/Cesar/Documents/GitHub/Arquitectura-de-computadores/Nueva carpeta/ce/Procesador_Sin_Inmediato.vhd" \
      PB ieee/std_logic_1164 1381692176
AR work/Procesador_Sin_Inmediato/Behavioral 1476742105 \
      FL "C:/Users/Cesar/Documents/GitHub/Arquitectura-de-computadores/Nueva carpeta/ce/Procesador_Sin_Inmediato.vhd" \
      EN work/Procesador_Sin_Inmediato 1476742104 CP Adder CP Next_Program_Counter \
      CP InstructionMemory CP Unidad_Control CP Register_File CP Unidad_Aritmetica
FL "C:/Users/Cesar/Documents/GitHub/Arquitectura-de-computadores/Nueva carpeta/ce/Register_File.vhd" 2016/10/17.10:11:10 P.20131013
EN work/Register_File 1476742100 \
      FL "C:/Users/Cesar/Documents/GitHub/Arquitectura-de-computadores/Nueva carpeta/ce/Register_File.vhd" \
      PB ieee/std_logic_1164 1381692176 PB ieee/STD_LOGIC_UNSIGNED 1381692179
AR work/Register_File/Behavioral 1476742101 \
      FL "C:/Users/Cesar/Documents/GitHub/Arquitectura-de-computadores/Nueva carpeta/ce/Register_File.vhd" \
      EN work/Register_File 1476742100
FL "C:/Users/Cesar/Documents/GitHub/Arquitectura-de-computadores/Nueva carpeta/ce/Test_Procesador1.vhd" 2016/10/17.14:30:02 P.20131013
EN work/Test_Procesador1 0 \
      FL "C:/Users/Cesar/Documents/GitHub/Arquitectura-de-computadores/Nueva carpeta/ce/Test_Procesador1.vhd" \
      PB ieee/std_logic_1164 1381692176
AR work/Test_Procesador1/behavior 0 \
      FL "C:/Users/Cesar/Documents/GitHub/Arquitectura-de-computadores/Nueva carpeta/ce/Test_Procesador1.vhd" \
      EN work/Test_Procesador1 0 CP Procesador_Sin_Inmediato
FL "C:/Users/Cesar/Documents/GitHub/Arquitectura-de-computadores/Nueva carpeta/ce/Unidad_Aritmetica.vhd" 2016/10/17.10:32:59 P.20131013
EN work/Unidad_Aritmetica 1476742102 \
      FL "C:/Users/Cesar/Documents/GitHub/Arquitectura-de-computadores/Nueva carpeta/ce/Unidad_Aritmetica.vhd" \
      PB ieee/std_logic_1164 1381692176 PB ieee/STD_LOGIC_UNSIGNED 1381692179
AR work/Unidad_Aritmetica/Behavioral 1476742103 \
      FL "C:/Users/Cesar/Documents/GitHub/Arquitectura-de-computadores/Nueva carpeta/ce/Unidad_Aritmetica.vhd" \
      EN work/Unidad_Aritmetica 1476742102
FL "C:/Users/Cesar/Documents/GitHub/Arquitectura-de-computadores/Nueva carpeta/ce/Unidad_Control.vhd" 2016/10/17.10:24:39 P.20131013
EN work/Unidad_Control 1476742098 \
      FL "C:/Users/Cesar/Documents/GitHub/Arquitectura-de-computadores/Nueva carpeta/ce/Unidad_Control.vhd" \
      PB ieee/std_logic_1164 1381692176
AR work/Unidad_Control/Behavioral 1476742099 \
      FL "C:/Users/Cesar/Documents/GitHub/Arquitectura-de-computadores/Nueva carpeta/ce/Unidad_Control.vhd" \
      EN work/Unidad_Control 1476742098
