V3 37
FL C:/Users/Cesar/Desktop/universidad/arquitectura_de_computadores/Xilinx/Procesador_monociclo_sin_inmediato/Adder.vhd 2016/10/10.19:36:08 P.20131013
FL C:/Users/Cesar/Desktop/universidad/arquitectura_de_computadores/Xilinx/Procesador_monociclo_sin_inmediato/InstructionMemory.vhd 2016/10/11.10:11:05 P.20131013
FL C:/Users/Cesar/Desktop/universidad/arquitectura_de_computadores/Xilinx/Procesador_monociclo_sin_inmediato/Next_Program_Counter.vhd 2016/10/07.11:34:51 P.20131013
FL "C:/Users/Cesar/Documents/GitHub/Arquitectura-de-computadores/Nueva carpeta/Procesador1/Adder.vhd" 2016/10/12.13:29:44 P.20131013
EN work/Adder 1476732389 \
      FL "C:/Users/Cesar/Documents/GitHub/Arquitectura-de-computadores/Nueva carpeta/Procesador1/Adder.vhd" \
      PB ieee/std_logic_1164 1381692176 PB ieee/STD_LOGIC_UNSIGNED 1381692179
AR work/Adder/Behavioral 1476732390 \
      FL "C:/Users/Cesar/Documents/GitHub/Arquitectura-de-computadores/Nueva carpeta/Procesador1/Adder.vhd" \
      EN work/Adder 1476732389
FL "C:/Users/Cesar/Documents/GitHub/Arquitectura-de-computadores/Nueva carpeta/Procesador1/InstructionMemory.vhd" 2016/10/17.14:26:15 P.20131013
EN work/InstructionMemory 1476732393 \
      FL "C:/Users/Cesar/Documents/GitHub/Arquitectura-de-computadores/Nueva carpeta/Procesador1/InstructionMemory.vhd" \
      PB ieee/std_logic_1164 1381692176 PB ieee/STD_LOGIC_UNSIGNED 1381692179 \
      PB std/TEXTIO 1381692176
AR work/InstructionMemory/Behavioral 1476732394 \
      FL "C:/Users/Cesar/Documents/GitHub/Arquitectura-de-computadores/Nueva carpeta/Procesador1/InstructionMemory.vhd" \
      EN work/InstructionMemory 1476732393
FL "C:/Users/Cesar/Documents/GitHub/Arquitectura-de-computadores/Nueva carpeta/Procesador1/Next_Program_Counter.vhd" 2016/10/07.11:34:51 P.20131013
EN work/Next_Program_Counter 1476732391 \
      FL "C:/Users/Cesar/Documents/GitHub/Arquitectura-de-computadores/Nueva carpeta/Procesador1/Next_Program_Counter.vhd" \
      PB ieee/std_logic_1164 1381692176
AR work/Next_Program_Counter/Behavioral 1476732392 \
      FL "C:/Users/Cesar/Documents/GitHub/Arquitectura-de-computadores/Nueva carpeta/Procesador1/Next_Program_Counter.vhd" \
      EN work/Next_Program_Counter 1476732391
FL "C:/Users/Cesar/Documents/GitHub/Arquitectura-de-computadores/Nueva carpeta/Procesador1/Procesador_Sin_Inmediato.vhd" 2016/10/17.14:03:39 P.20131013
EN work/Procesador_Sin_Inmediato 1476732401 \
      FL "C:/Users/Cesar/Documents/GitHub/Arquitectura-de-computadores/Nueva carpeta/Procesador1/Procesador_Sin_Inmediato.vhd" \
      PB ieee/std_logic_1164 1381692176
AR work/Procesador_Sin_Inmediato/Behavioral 1476732402 \
      FL "C:/Users/Cesar/Documents/GitHub/Arquitectura-de-computadores/Nueva carpeta/Procesador1/Procesador_Sin_Inmediato.vhd" \
      EN work/Procesador_Sin_Inmediato 1476732401 CP Adder CP Next_Program_Counter \
      CP InstructionMemory CP Unidad_Control CP Register_File CP Unidad_Aritmetica
FL "C:/Users/Cesar/Documents/GitHub/Arquitectura-de-computadores/Nueva carpeta/Procesador1/Register_File.vhd" 2016/10/17.10:11:10 P.20131013
EN work/Register_File 1476732397 \
      FL "C:/Users/Cesar/Documents/GitHub/Arquitectura-de-computadores/Nueva carpeta/Procesador1/Register_File.vhd" \
      PB ieee/std_logic_1164 1381692176 PB ieee/STD_LOGIC_UNSIGNED 1381692179
AR work/Register_File/Behavioral 1476732398 \
      FL "C:/Users/Cesar/Documents/GitHub/Arquitectura-de-computadores/Nueva carpeta/Procesador1/Register_File.vhd" \
      EN work/Register_File 1476732397
FL "C:/Users/Cesar/Documents/GitHub/Arquitectura-de-computadores/Nueva carpeta/Procesador1/Unidad_Aritmetica.vhd" 2016/10/17.10:32:59 P.20131013
EN work/Unidad_Aritmetica 1476732399 \
      FL "C:/Users/Cesar/Documents/GitHub/Arquitectura-de-computadores/Nueva carpeta/Procesador1/Unidad_Aritmetica.vhd" \
      PB ieee/std_logic_1164 1381692176 PB ieee/STD_LOGIC_UNSIGNED 1381692179
AR work/Unidad_Aritmetica/Behavioral 1476732400 \
      FL "C:/Users/Cesar/Documents/GitHub/Arquitectura-de-computadores/Nueva carpeta/Procesador1/Unidad_Aritmetica.vhd" \
      EN work/Unidad_Aritmetica 1476732399
FL "C:/Users/Cesar/Documents/GitHub/Arquitectura-de-computadores/Nueva carpeta/Procesador1/Unidad_Control.vhd" 2016/10/17.10:24:39 P.20131013
FL "C:/Users/Cesar/Documents/GitHub/Arquitectura-de-computadores/Nueva carpeta/Procesador3/PSRM.vhd" 2016/11/01.23:53:55 P.20131013
EN work/PSRM 1478062442 \
      FL "C:/Users/Cesar/Documents/GitHub/Arquitectura-de-computadores/Nueva carpeta/Procesador3/PSRM.vhd" \
      PB ieee/std_logic_1164 1381692176
AR work/PSRM/Behavioral 1478062443 \
      FL "C:/Users/Cesar/Documents/GitHub/Arquitectura-de-computadores/Nueva carpeta/Procesador3/PSRM.vhd" \
      EN work/PSRM 1478062442
FL "C:/Users/Cesar/Documents/GitHub/Arquitectura-de-computadores/Nueva carpeta/Procesador3/PSRModifier.vhd" 2016/11/06.13:38:06 P.20131013
EN work/PSRModifier 1478666355 \
      FL "C:/Users/Cesar/Documents/GitHub/Arquitectura-de-computadores/Nueva carpeta/Procesador3/PSRModifier.vhd" \
      PB ieee/std_logic_1164 1381692176
AR work/PSRModifier/Behavioral 1478666356 \
      FL "C:/Users/Cesar/Documents/GitHub/Arquitectura-de-computadores/Nueva carpeta/Procesador3/PSRModifier.vhd" \
      EN work/PSRModifier 1478666355
FL "C:/Users/Cesar/Documents/GitHub/Arquitectura-de-computadores/Nueva carpeta/Procesador3/Unidad_Control.vhd" 2016/10/28.23:59:38 P.20131013
EN work/Unidad_Control 1478666922 \
      FL "C:/Users/Cesar/Documents/GitHub/Arquitectura-de-computadores/Nueva carpeta/Procesador3/Unidad_Control.vhd" \
      PB ieee/std_logic_1164 1381692176
AR work/Unidad_Control/Behavioral 1478666923 \
      FL "C:/Users/Cesar/Documents/GitHub/Arquitectura-de-computadores/Nueva carpeta/Procesador3/Unidad_Control.vhd" \
      EN work/Unidad_Control 1478666922
