EN adder NULL "C:/Users/Cesar/Documents/GitHub/Arquitectura-de-computadores/Nueva carpeta/Procesador1/Adder.vhd" sub00/vhpl02 1476297016
AR instructionmemory behavioral C:/Users/Cesar/Desktop/universidad/arquitectura_de_computadores/Xilinx/Procesador_monociclo_sin_inmediato/InstructionMemory.vhd sub00/vhpl05 1476198675
EN instructionmemory NULL C:/Users/Cesar/Desktop/universidad/arquitectura_de_computadores/Xilinx/Procesador_monociclo_sin_inmediato/InstructionMemory.vhd sub00/vhpl04 1476198674
AR adder behavioral "C:/Users/Cesar/Documents/GitHub/Arquitectura-de-computadores/Nueva carpeta/Procesador1/Adder.vhd" sub00/vhpl03 1476297017
AR next_program_counter behavioral C:/Users/Cesar/Desktop/universidad/arquitectura_de_computadores/Xilinx/Procesador_monociclo_sin_inmediato/Next_Program_Counter.vhd sub00/vhpl01 1476198219
EN next_program_counter NULL C:/Users/Cesar/Desktop/universidad/arquitectura_de_computadores/Xilinx/Procesador_monociclo_sin_inmediato/Next_Program_Counter.vhd sub00/vhpl00 1476198218
