V3 13
FL C:/Users/Cesar/Desktop/universidad/arquitectura_de_computadores/Xilinx/Procesador_monociclo_sin_inmediato/Adder.vhd 2016/10/10.19:36:08 P.20131013
FL C:/Users/Cesar/Desktop/universidad/arquitectura_de_computadores/Xilinx/Procesador_monociclo_sin_inmediato/InstructionMemory.vhd 2016/10/11.10:11:05 P.20131013
EN work/InstructionMemory 1476198674 \
      FL C:/Users/Cesar/Desktop/universidad/arquitectura_de_computadores/Xilinx/Procesador_monociclo_sin_inmediato/InstructionMemory.vhd \
      PB ieee/std_logic_1164 1381692176 PB ieee/STD_LOGIC_UNSIGNED 1381692179 \
      PB std/TEXTIO 1381692176
AR work/InstructionMemory/Behavioral 1476198675 \
      FL C:/Users/Cesar/Desktop/universidad/arquitectura_de_computadores/Xilinx/Procesador_monociclo_sin_inmediato/InstructionMemory.vhd \
      EN work/InstructionMemory 1476198674
FL C:/Users/Cesar/Desktop/universidad/arquitectura_de_computadores/Xilinx/Procesador_monociclo_sin_inmediato/Next_Program_Counter.vhd 2016/10/07.11:34:51 P.20131013
EN work/Next_Program_Counter 1476198218 \
      FL C:/Users/Cesar/Desktop/universidad/arquitectura_de_computadores/Xilinx/Procesador_monociclo_sin_inmediato/Next_Program_Counter.vhd \
      PB ieee/std_logic_1164 1381692176
AR work/Next_Program_Counter/Behavioral 1476198219 \
      FL C:/Users/Cesar/Desktop/universidad/arquitectura_de_computadores/Xilinx/Procesador_monociclo_sin_inmediato/Next_Program_Counter.vhd \
      EN work/Next_Program_Counter 1476198218
FL "C:/Users/Cesar/Documents/GitHub/Arquitectura-de-computadores/Nueva carpeta/Procesador1/Adder.vhd" 2016/10/12.13:29:44 P.20131013
EN work/Adder 1476716836 \
      FL "C:/Users/Cesar/Documents/GitHub/Arquitectura-de-computadores/Nueva carpeta/Procesador1/Adder.vhd" \
      PB ieee/std_logic_1164 1381692176 PB ieee/STD_LOGIC_UNSIGNED 1381692179
AR work/Adder/Behavioral 1476716837 \
      FL "C:/Users/Cesar/Documents/GitHub/Arquitectura-de-computadores/Nueva carpeta/Procesador1/Adder.vhd" \
      EN work/Adder 1476716836
FL "C:/Users/Cesar/Documents/GitHub/Arquitectura-de-computadores/Nueva carpeta/Procesador1/Register_File.vhd" 2016/10/17.10:11:10 P.20131013
EN work/Register_File 1476717084 \
      FL "C:/Users/Cesar/Documents/GitHub/Arquitectura-de-computadores/Nueva carpeta/Procesador1/Register_File.vhd" \
      PB ieee/std_logic_1164 1381692176 PB ieee/STD_LOGIC_UNSIGNED 1381692179
AR work/Register_File/Behavioral 1476717085 \
      FL "C:/Users/Cesar/Documents/GitHub/Arquitectura-de-computadores/Nueva carpeta/Procesador1/Register_File.vhd" \
      EN work/Register_File 1476717084
